<html>
<body>
<pre>
<h1>µVision Build Log</h1>
<h2>Tool Versions:</h2>
IDE-Version: µVision V5.37.0.0
Copyright (C) 2022 ARM Ltd and ARM Germany GmbH. All rights reserved.
License Information: ashu kar, nasa, LIC=----
 
Tool Versions:
Toolchain:       MDK-Lite  Version: 5.37.0.0
Toolchain Path:  C:\Keil_v5\ARM\ARMCLANG\Bin
C Compiler:      ArmClang.exe V6.18
Assembler:       Armasm.exe V6.18
Linker/Locator:  ArmLink.exe V6.18
Library Manager: ArmAr.exe V6.18
Hex Converter:   FromElf.exe V6.18
CPU DLL:         SARMCM3.DLL V5.37.0.0
Dialog DLL:      DCM.DLL V1.17.5.0
Target DLL:      STLink\ST-LINKIII-KEIL_SWO.dll V3.0.9.0
Dialog DLL:      TCM.DLL V1.56.1.0
 
<h2>Project:</h2>
C:\Ashutosh'S Cave\My\STM32_Learning\Ashutosh\SD_Card\MDK-ARM\SD_Card.uvprojx
Project File Date:  10/21/2022

<h2>Output:</h2>
*** Using Compiler 'V6.18', folder: 'C:\Keil_v5\ARM\ARMCLANG\Bin'
Rebuild target 'SD_Card'
assembling startup_stm32f103xb.s...
compiling gpio.c...
../Core/Src/main.c(144): warning: format specifies type 'unsigned long' but the argument has type 'uint32_t' (aka 'unsigned int') [-Wformat]
        sprintf (buffer, "SD CARD Total Size: \t%lu\n",total);
                                                ~~~    ^~~~~
                                                %u
../Core/Src/main.c(148): warning: format specifies type 'unsigned long' but the argument has type 'uint32_t' (aka 'unsigned int') [-Wformat]
        sprintf (buffer, "SD CARD Free Space: \t%lu\n\n",free_space);
                                                ~~~      ^~~~~~~~~~
                                                %u
2 warnings generated.
compiling main.c...
compiling spi.c...
compiling fatfs_sd.c...
compiling usart.c...
compiling stm32f1xx_hal_msp.c...
compiling stm32f1xx_it.c...
compiling stm32f1xx_hal_gpio_ex.c...
compiling stm32f1xx_hal.c...
compiling stm32f1xx_hal_rcc_ex.c...
compiling stm32f1xx_hal_rcc.c...
compiling stm32f1xx_hal_gpio.c...
compiling stm32f1xx_hal_dma.c...
compiling stm32f1xx_hal_cortex.c...
compiling stm32f1xx_hal_pwr.c...
compiling stm32f1xx_hal_flash.c...
compiling stm32f1xx_hal_flash_ex.c...
compiling stm32f1xx_hal_exti.c...
compiling stm32f1xx_hal_tim.c...
compiling stm32f1xx_hal_tim_ex.c...
compiling system_stm32f1xx.c...
../FATFS/Target/user_diskio.c(84): warning: implicit declaration of function 'SD_disk_initialize' is invalid in C99 [-Wimplicit-function-declaration]
    return SD_disk_initialize (pdrv);
           ^
../FATFS/Target/user_diskio.c(98): warning: implicit declaration of function 'SD_disk_status' is invalid in C99 [-Wimplicit-function-declaration]
    return SD_disk_status (pdrv);
           ^
../FATFS/Target/user_diskio.c(118): warning: implicit declaration of function 'SD_disk_read' is invalid in C99 [-Wimplicit-function-declaration]
    return SD_disk_read(pdrv, buff, sector, count);
           ^
../FATFS/Target/user_diskio.c(140): warning: implicit declaration of function 'SD_disk_write' is invalid in C99 [-Wimplicit-function-declaration]
    return SD_disk_write(pdrv, buff, sector, count);
           ^
../FATFS/Target/user_diskio.c(160): warning: implicit declaration of function 'SD_disk_ioctl' is invalid in C99 [-Wimplicit-function-declaration]
    return SD_disk_ioctl(pdrv, cmd, buff);
           ^
5 warnings generated.
compiling user_diskio.c...
compiling stm32f1xx_hal_spi.c...
compiling stm32f1xx_hal_uart.c...
compiling fatfs.c...
compiling diskio.c...
compiling syscall.c...
compiling ff_gen_drv.c...
compiling ccsbcs.c...
compiling ff.c...
linking...
Program Size: Code=27696 RO-data=2260 RW-data=36 ZI-data=10804  
FromELF: creating hex file...
"SD_Card\SD_Card.axf" - 0 Error(s), 7 Warning(s).

<h2>Software Packages used:</h2>

Package Vendor: ARM
                http://www.keil.com/pack/ARM.CMSIS.5.9.0.pack
                ARM.CMSIS.5.9.0
                CMSIS (Common Microcontroller Software Interface Standard)
   * Component: CORE Version: 5.6.0

Package Vendor: Keil
                http://www.keil.com/pack/Keil.STM32F1xx_DFP.2.4.0.pack
                Keil.STM32F1xx_DFP.2.4.0
                STMicroelectronics STM32F1 Series Device Support, Drivers and Examples

<h2>Collection of Component include folders:</h2>
  ./RTE/_SD_Card
  C:/Users/Administrator/AppData/Local/Arm/Packs/ARM/CMSIS/5.9.0/CMSIS/Core/Include
  C:/Users/Administrator/AppData/Local/Arm/Packs/Keil/STM32F1xx_DFP/2.4.0/Device/Include

<h2>Collection of Component Files used:</h2>

   * Component: ARM::CMSIS:CORE:5.6.0
      Include file:  CMSIS/Core/Include/tz_context.h
Build Time Elapsed:  00:00:10
</pre>
</body>
</html>
