<html>
<body>
<pre>
<h1>µVision Build Log</h1>
<h2>Tool Versions:</h2>
IDE-Version: µVision V5.28.0.0
Copyright (C) 2019 ARM Ltd and ARM Germany GmbH. All rights reserved.
License Information: ashu LENOVO, nasa, LIC=----
 
Tool Versions:
Toolchain:       MDK-Lite  Version: 5.28.0.0
Toolchain Path:  C:\Keil_v5\ARM\ARMCC\Bin
C Compiler:      Armcc.exe V5.06 update 6 (build 750)
Assembler:       Armasm.exe V5.06 update 6 (build 750)
Linker/Locator:  ArmLink.exe V5.06 update 6 (build 750)
Library Manager: ArmAr.exe V5.06 update 6 (build 750)
Hex Converter:   FromElf.exe V5.06 update 6 (build 750)
CPU DLL:         SARMCM3.DLL V5.28.0.0
Dialog DLL:      DCM.DLL V1.17.3.0
Target DLL:      STLink\ST-LINKIII-KEIL_SWO.dll V3.0.6.0
Dialog DLL:      TCM.DLL V1.36.2.0
 
<h2>Project:</h2>
F:\Work\PC\QuroLabs\NewProjects\STM32_Learning\ReceiveToIdleIT\MDK-ARM\ReceiveToIdleIT.uvprojx
Project File Date:  09/13/2022

<h2>Output:</h2>
*** Using Compiler 'V5.06 update 6 (build 750)', folder: 'C:\Keil_v5\ARM\ARMCC\Bin'
Build target 'ReceiveToIdleIT'
assembling startup_stm32f103x6.s...
compiling main.c...
../Core/Inc/slavemodbus.h(13): warning:  #1295-D: Deprecated declaration checkboard - give arg types
  void checkboard();
../Core/Inc/slavemodbus.h(14): warning:  #1295-D: Deprecated declaration binaryId - give arg types
  void binaryId();
../Core/Inc/slavemodbus.h(16): warning:  #1-D: last line of file ends without a newline
  void id_detect();
../Core/Inc/slavemodbus.h(16): warning:  #1295-D: Deprecated declaration id_detect - give arg types
  void id_detect();
../Core/Src/main.c(134): warning:  #188-D: enumerated type mixed with another type
  	HAL_GPIO_WritePin(DE_PIN_GPIO_Port,DE_PIN_Pin,1);
../Core/Src/main.c: 5 warnings, 0 errors
compiling gpio.c...
compiling stm32f1xx_it.c...
compiling stm32f1xx_hal_msp.c...
compiling slavemodbus.c...
../Core/Inc/slavemodbus.h(13): warning:  #1295-D: Deprecated declaration checkboard - give arg types
  void checkboard();
../Core/Inc/slavemodbus.h(14): warning:  #1295-D: Deprecated declaration binaryId - give arg types
  void binaryId();
../Core/Inc/slavemodbus.h(16): warning:  #1-D: last line of file ends without a newline
  void id_detect();
../Core/Inc/slavemodbus.h(16): warning:  #1295-D: Deprecated declaration id_detect - give arg types
  void id_detect();
..\Core\Src\slavemodbus.c(81): warning:  #188-D: enumerated type mixed with another type
  		HAL_GPIO_WritePin(LED1_GPIO_Port,LED1_Pin,1);
..\Core\Src\slavemodbus.c(85): warning:  #188-D: enumerated type mixed with another type
  		HAL_GPIO_WritePin(LED1_GPIO_Port,LED1_Pin,0);
..\Core\Src\slavemodbus.c(103): warning:  #1-D: last line of file ends without a newline
  }
..\Core\Src\slavemodbus.c: 7 warnings, 0 errors
compiling dma.c...
compiling usart.c...
compiling stm32f1xx_hal_tim.c...
compiling stm32f1xx_hal.c...
compiling stm32f1xx_hal_gpio_ex.c...
compiling stm32f1xx_hal_tim_ex.c...
compiling stm32f1xx_hal_rcc_ex.c...
compiling stm32f1xx_hal_rcc.c...
compiling stm32f1xx_hal_uart.c...
compiling stm32f1xx_hal_gpio.c...
compiling stm32f1xx_hal_pwr.c...
compiling stm32f1xx_hal_exti.c...
compiling stm32f1xx_hal_flash.c...
compiling stm32f1xx_hal_flash_ex.c...
compiling stm32f1xx_hal_cortex.c...
compiling stm32f1xx_hal_dma.c...
compiling system_stm32f1xx.c...
linking...
Program Size: Code=6292 RO-data=292 RW-data=28 ZI-data=2060  
FromELF: creating hex file...
"ReceiveToIdleIT\ReceiveToIdleIT.axf" - 0 Error(s), 12 Warning(s).

<h2>Software Packages used:</h2>

Package Vendor: ARM
                http://www.keil.com/pack/ARM.CMSIS.5.9.0.pack
                ARM.CMSIS.5.9.0
                CMSIS (Common Microcontroller Software Interface Standard)
   * Component: CORE Version: 5.6.0

Package Vendor: Keil
                http://www.keil.com/pack/Keil.STM32F1xx_DFP.2.4.0.pack
                Keil.STM32F1xx_DFP.2.4.0
                STMicroelectronics STM32F1 Series Device Support, Drivers and Examples

<h2>Collection of Component include folders:</h2>
  .\RTE\_ReceiveToIdleIT
  C:\Users\LENOVO\AppData\Local\Arm\Packs\ARM\CMSIS\5.9.0\CMSIS\Core\Include
  C:\Users\LENOVO\AppData\Local\Arm\Packs\Keil\STM32F1xx_DFP\2.4.0\Device\Include

<h2>Collection of Component Files used:</h2>

   * Component: ARM::CMSIS:CORE:5.6.0
      Include file:  CMSIS\Core\Include\tz_context.h
Build Time Elapsed:  00:00:15
</pre>
</body>
</html>
